{"structure":{"description":{"filename":"4_adamiak_1_rpr.pdb","errors":null},"clashscore":"26.3","pctRank":"19.0","rankCategory":"Warning","pctProbablyWrongSugarPuckers":"0.0","probablyWrongSugarPuckersCategory":"Good","pctBadBackboneConformations":"46.83","badBackboneConformationsCategory":"Warning","pctBadBonds":"0.0","badBondsCategory":"Good","pctBadAngles":"0.0","badAnglesCategory":"Good"}}